// Jest Snapshot v1, https://goo.gl/fbAQLP

exports[`Given <Hero /> When initializes Then should match the snapshot 1`] = `
<div>
  <section
    class="section hero"
  >
    <div
      class="center-container"
    >
      <img
        class="logo"
        src="logo.png"
      />
      <div
        class="rs-input-group search rs-input-group-inside"
      >
        <input
          class="rs-input"
          placeholder="Search databank..."
          type="text"
          value=""
        />
        <a
          class="rs-btn rs-btn-default rs-input-group-btn"
        >
          <i
            class="rs-icon rs-icon-search"
          />
          <span
            class="rs-ripple-pond"
          >
            <span
              class="rs-ripple"
            />
          </span>
        </a>
      </div>
    </div>
  </section>
</div>
`;
