// Jest Snapshot v1, https://goo.gl/fbAQLP

exports[`Given <Info /> When initializes Then should match the snapshot 1`] = `
<div>
  <div
    class="rs-flex-box-grid character-info rs-flex-box-grid-top rs-flex-box-grid-space-between"
  >
    <div
      class="rs-flex-box-grid-item rs-flex-box-grid-item-0"
    >
      <span
        class="character-info-type"
      >
        hello
      </span>
    </div>
    <div
      class="rs-flex-box-grid-item rs-flex-box-grid-item-0"
    >
      <span
        class="character-info-value"
      >
        world
      </span>
    </div>
  </div>
</div>
`;
